// Jest Snapshot v1, https://goo.gl/fbAQLP

exports[`matches snapshot 1`] = `
<div
  className="password-container"
>
  <label
    data-testid="label"
    htmlFor=""
  >
    <span>
      password
    </span>
  </label>
  <div
    className="password-container__input-section false"
  >
    <input
      autoComplete="on"
      defaultValue=""
      disabled={false}
      id=""
      name=""
      onChange={[Function]}
      onKeyUp={[Function]}
      placeholder=""
      type="password"
    />
    <div
      onClick={[Function]}
      style={
        Object {
          "background": "transparent",
        }
      }
    />
  </div>
  <p
    className="error-message text-danger "
    data-testid="error-message"
  />
</div>
`;
